Fuck you
world
test 
test
test
test
test
test
test

